*** Using Compiler 'V5.06 update 7 (build 960)', folder: 'C:\Keil_v5\ARM\ARMCC\Bin'
Build target 'Vector_Mini_ST'
compiling electrical_zero_calibration_runtime.c...
compiling fault_port_adapter.c...
compiling supervisor_task.c...
compiling control_mode_runtime.c...
compiling motor_service_adapter.c...
compiling encoder_calibration_runtime.c...
compiling position_impedance.c...
compiling current_offset_calibration_runtime.c...
compiling firmware_composition.c...
compiling measurement_runtime.c...
compiling parameter_transaction_adapter.c...
compiling motor_control_runtime.c...
compiling motor_state_runtime.c...
compiling parameter_snapshot.c...
linking...
Program Size: Code=96460 RO-data=5672 RW-data=504 ZI-data=28632  
FromELF: creating hex file...
"Vector_Mini_ST\Vector_Mini_ST.axf" - 0 Error(s), 0 Warning(s).
Build Time Elapsed:  00:00:01
