*** Using Compiler 'V5.06 update 7 (build 960)', folder: 'C:\Keil_v5\ARM\ARMCC\Bin'
Build target 'Vector_Mini_ST'
compiling rgb.c...
compiling update_service.c...
compiling diagnostic_service.c...
compiling power_stage.c...
compiling fault_manager.c...
compiling led.c...
compiling parameter_transaction_service.c...
compiling can_response_service.c...
compiling calibration_service.c...
compiling parameter_service.c...
compiling communication_watchdog_service.c...
compiling can_configuration_service.c...
compiling parameter_manager.c...
compiling telemetry_service.c...
compiling identification_service.c...
compiling device_lifecycle.c...
compiling motor_command_service.c...
compiling rotor_calibration_service.c...
compiling diagnostic_rtt_stm32g431.c...
compiling product_manifest.c...
compiling board_profile.c...
compiling motor_profiles.c...
compiling mechanical_load_profiles.c...
compiling encoder_profiles.c...
compiling control_tuning_profile.c...
compiling svpwm.c...
compiling fast_math.c...
compiling encoder.c...
compiling measurement_model.c...
compiling phase_resistance.c...
compiling pi_controller.c...
compiling current_control_math.c...
compiling position_impedance.c...
compiling stm32g4xx_hal_msp.c...
compiling position_cascade.c...
compiling trapezoidal_trajectory.c...
compiling usart.c...
compiling rotor_sensor_tle5012b.c...
compiling power_stage_tim1.c...
compiling stm32g4xx_it.c...
compiling dma.c...
compiling main.c...
compiling adc.c...
compiling current_control_runtime.c...
compiling measurement_adc12.c...
compiling sensorless_runtime.c...
compiling measurement_runtime.c...
compiling tim.c...
compiling gpio.c...
compiling execution_timer_stm32g431.c...
compiling encoder_calibration_runtime.c...
compiling electrical_zero_calibration_runtime.c...
compiling spi.c...
compiling fdcan.c...
compiling device_identity_stm32g431.c...
compiling current_offset_calibration_runtime.c...
compiling motor_state_runtime.c...
compiling monotonic_clock_stm32g431.c...
compiling phase_resistance_runtime.c...
compiling parameter_snapshot.c...
compiling parameter_persistence_adapter.c...
compiling reset_reason_stm32g431.c...
compiling usb_cdc_transport.c...
compiling board_runtime.c...
compiling indicator_stm32g431.c...
compiling can_fdcan1_transport.c...
compiling rotor_calibration_port_adapter.c...
compiling parameter_transaction_adapter.c...
compiling control_mode_runtime.c...
compiling motor_control_runtime.c...
compiling motor_service_adapter.c...
compiling fault_port_adapter.c...
compiling parameter_store_flash.c...
compiling byte_ring_buffer.c...
compiling supervisor_task.c...
compiling can_protocol_v1.c...
compiling usb_protocol_v1.c...
compiling can_command_router.c...
compiling usb_command_router.c...
compiling interface_can.c...
compiling interface_usb.c...
compiling firmware_composition.c...
compiling stm32g4xx_ll_adc.c...
compiling stm32g4xx_hal_flash_ex.c...
compiling stm32g4xx_hal_rcc_ex.c...
compiling stm32g4xx_hal_dma_ex.c...
compiling usbd_conf.c...
compiling stm32g4xx_hal_pcd_ex.c...
compiling usb_device.c...
compiling stm32g4xx_hal_adc_ex.c...
compiling stm32g4xx_hal_flash_ramfunc.c...
compiling stm32g4xx_hal_flash.c...
compiling usbd_cdc_if.c...
compiling stm32g4xx_ll_usb.c...
compiling stm32g4xx_hal_exti.c...
compiling stm32g4xx_hal_gpio.c...
compiling stm32g4xx_hal_pwr.c...
compiling stm32g4xx_hal_cortex.c...
compiling stm32g4xx_hal_dma.c...
compiling usbd_desc.c...
compiling SEGGER_RTT_printf.c...
compiling SEGGER_RTT.c...
compiling stm32g4xx_hal.c...
compiling stm32g4xx_hal_fdcan.c...
compiling stm32g4xx_hal_pcd.c...
compiling stm32g4xx_hal_pwr_ex.c...
compiling stm32g4xx_hal_spi.c...
compiling stm32g4xx_hal_rcc.c...
compiling stm32g4xx_hal_adc.c...
compiling stm32g4xx_hal_spi_ex.c...
compiling system_stm32g4xx.c...
compiling stm32g4xx_hal_uart_ex.c...
compiling stm32g4xx_hal_tim_ex.c...
compiling usbd_core.c...
compiling usbd_ctlreq.c...
compiling usbd_ioreq.c...
compiling usbd_cdc.c...
compiling stm32g4xx_hal_uart.c...
compiling stm32g4xx_hal_tim.c...
linking...
Program Size: Code=96460 RO-data=5844 RW-data=504 ZI-data=28632  
FromELF: creating hex file...
"Vector_Mini_ST\Vector_Mini_ST.axf" - 0 Error(s), 0 Warning(s).
Build Time Elapsed:  00:00:06
